SemanticError: Binary operator + is not supported by type(char) @ 3:9
