SemanticError: Binary operator + is not supported by type(char) @ 4:14
