SemanticError: y initialization must be a single element @ 2:9
