SemanticError: Name i is already defined in this scope @ 3:7
