SemanticError: The condition expression must be of type(bool) @ 3:6
