SemanticError: conditional expression is type(int), not type(bool) @ 2:3
