SemanticError: Name i is already defined in this scope @ 4:9
