SemanticError: Expression is not of basic type @ 6:11
