SemanticError: Type mismatch with parameter n @ 15:16
