SemanticError: no. arguments to call doubleMe function mismatch @ 10:9
