SemanticError: Size mismatch on arr initialization @ 3:8
