SemanticError: Cannot assign type(char) to type(int) @ 5:9
