SemanticError: List & variable have different sizes @ 2:9
