SemanticError: The condition expression must be of type(bool) @ 10:17
