Program:
    GlobalDecl:
        Decl: ID(name=n)
            VarDecl:
                Type: int @ 1:1
        Decl: ID(name=r)
            VarDecl:
                Type: int @ 1:1
        Decl: ID(name=sum)
            VarDecl:
                Type: int @ 1:1
            Constant: int, 0 @ 1:17
        Decl: ID(name=temp)
            VarDecl:
                Type: int @ 1:1
