Program:
    GlobalDecl:
        Decl: ID(name=N)
            VarDecl:
                Type: int @ 1:1
            UnaryOp: - @ 1:14
                UnaryOp: + @ 1:14
                    UnaryOp: ! @ 1:14
                        Constant: int, 100 @ 1:14
