Program:
    GlobalDecl:
        Decl: ID(name=N)
            VarDecl:
                Type: int @ 1:1
            BinaryOp: / @ 1:10
                BinaryOp: % @ 1:10
                    BinaryOp: * @ 1:10
                        Constant: int, 1 @ 1:10
                        BinaryOp: - @ 1:15
                            BinaryOp: + @ 1:15
                                Constant: int, 4 @ 1:15
                                Constant: int, 5 @ 1:19
                            Constant: int, 6 @ 1:23
                    Constant: int, 2 @ 1:29
                Constant: int, 67 @ 1:33
