Program:
    FuncDef:
        Type: int @ 1:1
        Decl: ID(name=main)
            FuncDecl:
                VarDecl:
                    Type: int @ 1:1
        Compound: @ 1:12
