Program:
    FuncDef:
        Type: int @ 1:1
        Decl: ID(name=main)
            FuncDecl:
                ParamList:
                    Decl: ID(name=i)
                        VarDecl:
                            Type: int @ 1:10
                VarDecl:
                    Type: int @ 1:1
        Compound: @ 1:17
            If: @ 2:3
                BinaryOp: > @ 2:6
                    ID: i @ 2:6
                    Constant: int, 1 @ 2:10
                Return: @ 3:5
                    Constant: int, 0 @ 3:12
            Return: @ 4:3
                Constant: int, 1 @ 4:10
