Program:
    FuncDef:
        Type: void @ 1:1
        Decl: ID(name=main)
            FuncDecl:
                ParamList:
                    Decl: ID(name=i)
                        VarDecl:
                            Type: int @ 1:11
                VarDecl:
                    Type: void @ 1:1
        Compound: @ 1:18
            Assert: @ 2:3
                BinaryOp: > @ 2:10
                    ID: i @ 2:10
                    Constant: int, 0 @ 2:14
