Program:
    FuncDef:
        Type: int @ 1:1
        Decl: ID(name=f)
            FuncDecl:
                VarDecl:
                    Type: int @ 1:1
        Compound: @ 1:9
            Return: @ 2:3
                Constant: int, 0 @ 2:10
    FuncDef:
        Type: int @ 5:1
        Decl: ID(name=main)
            FuncDecl:
                ParamList:
                    Decl: ID(name=argc)
                        VarDecl:
                            Type: int @ 5:10
                VarDecl:
                    Type: int @ 5:1
        Compound: @ 5:20
            Return: @ 6:3
                FuncCall: @ 6:10
                    ID: f @ 6:10
