Program:
    FuncDef:
        Type: int @ 1:1
        Decl: ID(name=f)
            FuncDecl:
                ParamList:
                    Decl: ID(name=m)
                        VarDecl:
                            Type: int @ 1:7
                    Decl: ID(name=n)
                        VarDecl:
                            Type: int @ 1:14
                VarDecl:
                    Type: int @ 1:1
        Compound: @ 1:21
            If: @ 2:5
                BinaryOp: >= @ 2:11
                    UnaryOp: ! @ 2:11
                        ID: n @ 2:11
                    Constant: int, 2 @ 2:16
                Compound: @ 2:19
                    Assignment: = @ 3:9
                        ID: n @ 3:9
                        BinaryOp: - @ 3:13
                            ID: n @ 3:13
                            Constant: int, 2 @ 3:17
                    Return: @ 4:9
                        ID: n @ 4:16
                Compound: @ 6:10
                    Assignment: = @ 7:9
                        ID: m @ 7:9
                        BinaryOp: - @ 7:13
                            ID: m @ 7:13
                            Constant: int, 1 @ 7:17
                    Return: @ 8:9
                        ID: m @ 8:16
    FuncDef:
        Type: int @ 12:1
        Decl: ID(name=main)
            FuncDecl:
                VarDecl:
                    Type: int @ 12:1
        Compound: @ 12:12
            Decl: ID(name=m)
                VarDecl:
                    Type: int @ 13:5
                UnaryOp: - @ 13:14
                    Constant: int, 9 @ 13:14
            Decl: ID(name=n)
                VarDecl:
                    Type: int @ 14:5
                UnaryOp: - @ 14:14
                    Constant: int, 4 @ 14:14
            Print: @ 15:5
                FuncCall: @ 15:11
                    ID: f @ 15:11
                    ExprList: @ 15:13
                        ID: m @ 15:13
                        ID: n @ 15:16
            Return: @ 16:5
                Constant: int, 0 @ 16:12
