Program:
    FuncDef:
        Type: void @ 2:1
        Decl: ID(name=quicksort)
            FuncDecl:
                ParamList:
                    Decl: ID(name=number)
                        ArrayDecl:
                            VarDecl:
                                Type: int @ 2:16
                            Constant: int, 25 @ 2:27
                    Decl: ID(name=first)
                        VarDecl:
                            Type: int @ 2:31
                    Decl: ID(name=last)
                        VarDecl:
                            Type: int @ 2:41
                VarDecl:
                    Type: void @ 2:1
        Compound: @ 2:50
            Decl: ID(name=i)
                VarDecl:
                    Type: int @ 3:4
            Decl: ID(name=j)
                VarDecl:
                    Type: int @ 3:4
            Decl: ID(name=pivot)
                VarDecl:
                    Type: int @ 3:4
            Decl: ID(name=temp)
                VarDecl:
                    Type: int @ 3:4
            If: @ 5:4
                BinaryOp: < @ 5:7
                    ID: first @ 5:7
                    ID: last @ 5:13
                Compound: @ 5:18
                    Assignment: = @ 6:7
                        ID: pivot @ 6:7
                        ID: first @ 6:13
                    Assignment: = @ 7:7
                        ID: i @ 7:7
                        ID: first @ 7:9
                    Assignment: = @ 8:7
                        ID: j @ 8:7
                        ID: last @ 8:9
                    While: @ 10:7
                        BinaryOp: < @ 10:13
                            ID: i @ 10:13
                            ID: j @ 10:15
                        Compound: @ 10:17
                            While: @ 11:10
                                BinaryOp: && @ 11:16
                                    BinaryOp: <= @ 11:16
                                        ArrayRef: @ 11:16
                                            ID: number @ 11:16
                                            ID: i @ 11:23
                                        ArrayRef: @ 11:27
                                            ID: number @ 11:27
                                            ID: pivot @ 11:34
                                    BinaryOp: < @ 11:42
                                        ID: i @ 11:42
                                        ID: last @ 11:44
                                Assignment: = @ 12:13
                                    ID: i @ 12:13
                                    BinaryOp: + @ 12:15
                                        ID: i @ 12:15
                                        Constant: int, 1 @ 12:17
                            While: @ 13:10
                                BinaryOp: > @ 13:16
                                    ArrayRef: @ 13:16
                                        ID: number @ 13:16
                                        ID: j @ 13:23
                                    ArrayRef: @ 13:26
                                        ID: number @ 13:26
                                        ID: pivot @ 13:33
                                Assignment: = @ 14:13
                                    ID: j @ 14:13
                                    BinaryOp: - @ 14:15
                                        ID: j @ 14:15
                                        Constant: int, 1 @ 14:17
                            If: @ 15:10
                                BinaryOp: < @ 15:13
                                    ID: i @ 15:13
                                    ID: j @ 15:15
                                Compound: @ 15:17
                                    Assignment: = @ 16:13
                                        ID: temp @ 16:13
                                        ArrayRef: @ 16:18
                                            ID: number @ 16:18
                                            ID: i @ 16:25
                                    Assignment: = @ 17:13
                                        ArrayRef: @ 17:13
                                            ID: number @ 17:13
                                            ID: i @ 17:20
                                        ArrayRef: @ 17:23
                                            ID: number @ 17:23
                                            ID: j @ 17:30
                                    Assignment: = @ 18:13
                                        ArrayRef: @ 18:13
                                            ID: number @ 18:13
                                            ID: j @ 18:20
                                        ID: temp @ 18:23
                    Assignment: = @ 22:7
                        ID: temp @ 22:7
                        ArrayRef: @ 22:12
                            ID: number @ 22:12
                            ID: pivot @ 22:19
                    Assignment: = @ 23:7
                        ArrayRef: @ 23:7
                            ID: number @ 23:7
                            ID: pivot @ 23:14
                        ArrayRef: @ 23:21
                            ID: number @ 23:21
                            ID: j @ 23:28
                    Assignment: = @ 24:7
                        ArrayRef: @ 24:7
                            ID: number @ 24:7
                            ID: j @ 24:14
                        ID: temp @ 24:17
                    FuncCall: @ 25:7
                        ID: quicksort @ 25:7
                        ExprList: @ 25:17
                            ID: number @ 25:17
                            ID: first @ 25:24
                            BinaryOp: - @ 25:30
                                ID: j @ 25:30
                                Constant: int, 1 @ 25:32
                    FuncCall: @ 26:7
                        ID: quicksort @ 26:7
                        ExprList: @ 26:17
                            ID: number @ 26:17
                            BinaryOp: + @ 26:24
                                ID: j @ 26:24
                                Constant: int, 1 @ 26:26
                            ID: last @ 26:28
    FuncDef:
        Type: int @ 31:1
        Decl: ID(name=main)
            FuncDecl:
                VarDecl:
                    Type: int @ 31:1
        Compound: @ 31:11
            Decl: ID(name=i)
                VarDecl:
                    Type: int @ 32:4
            Decl: ID(name=count)
                VarDecl:
                    Type: int @ 32:4
            Decl: ID(name=number)
                ArrayDecl:
                    VarDecl:
                        Type: int @ 32:4
                    Constant: int, 25 @ 32:25
            Print: @ 34:4
                Constant: string, How many elements are u going to enter (max=25)? @ 34:10
            Read: @ 35:4
                ID: count @ 35:9
            Print: @ 37:4
                ExprList: @ 37:10
                    Constant: string, Enter @ 37:10
                    ID: count @ 37:19
                    Constant: string, elements:  @ 37:26
            For: @ 38:4
                Assignment: = @ 38:8
                    ID: i @ 38:8
                    Constant: int, 0 @ 38:10
                BinaryOp: < @ 38:12
                    ID: i @ 38:12
                    ID: count @ 38:14
                Assignment: = @ 38:20
                    ID: i @ 38:20
                    BinaryOp: + @ 38:22
                        ID: i @ 38:22
                        Constant: int, 1 @ 38:24
                Read: @ 39:7
                    ArrayRef: @ 39:12
                        ID: number @ 39:12
                        ID: i @ 39:19
            FuncCall: @ 41:4
                ID: quicksort @ 41:4
                ExprList: @ 41:14
                    ID: number @ 41:14
                    Constant: int, 0 @ 41:21
                    BinaryOp: - @ 41:23
                        ID: count @ 41:23
                        Constant: int, 1 @ 41:29
            Print: @ 43:4
                Constant: string, Order of Sorted elements:  @ 43:10
            For: @ 44:4
                Assignment: = @ 44:8
                    ID: i @ 44:8
                    Constant: int, 0 @ 44:10
                BinaryOp: < @ 44:12
                    ID: i @ 44:12
                    ID: count @ 44:14
                Assignment: = @ 44:20
                    ID: i @ 44:20
                    BinaryOp: + @ 44:22
                        ID: i @ 44:22
                        Constant: int, 1 @ 44:24
                Print: @ 45:7
                    ExprList: @ 45:13
                        Constant: string,   @ 45:13
                        ArrayRef: @ 45:18
                            ID: number @ 45:18
                            ID: i @ 45:25
            Return: @ 47:4
                Constant: int, 0 @ 47:11
