LexToken(INT,'int',1,0)
LexToken(ID,'n',1,4)
LexToken(EQUALS,'=',1,6)
LexToken(INT_CONST,'3',1,8)
LexToken(SEMI,';',1,9)
LexToken(INT,'int',3,12)
LexToken(ID,'doubleMe',3,16)
LexToken(LPAREN,'(',3,25)
LexToken(INT,'int',3,26)
LexToken(ID,'x',3,30)
LexToken(RPAREN,')',3,31)
LexToken(LBRACE,'{',3,33)
LexToken(RETURN,'return',4,39)
LexToken(ID,'x',4,46)
LexToken(TIMES,'*',4,48)
LexToken(ID,'x',4,50)
LexToken(SEMI,';',4,51)
LexToken(RBRACE,'}',5,53)
LexToken(VOID,'void',7,56)
LexToken(ID,'main',7,61)
LexToken(LPAREN,'(',7,66)
LexToken(RPAREN,')',7,67)
LexToken(LBRACE,'{',7,69)
LexToken(INT,'int',8,75)
LexToken(ID,'v',8,79)
LexToken(EQUALS,'=',8,81)
LexToken(ID,'n',8,83)
LexToken(SEMI,';',8,84)
LexToken(ID,'v',9,90)
LexToken(EQUALS,'=',9,92)
LexToken(ID,'doubleMe',9,94)
LexToken(LPAREN,'(',9,103)
LexToken(ID,'v',9,104)
LexToken(RPAREN,')',9,105)
LexToken(SEMI,';',9,106)
LexToken(ASSERT,'assert',10,112)
LexToken(ID,'v',10,119)
LexToken(EQ,'==',10,121)
LexToken(ID,'n',10,124)
LexToken(TIMES,'*',10,126)
LexToken(ID,'n',10,128)
LexToken(SEMI,';',10,129)
LexToken(RETURN,'return',11,135)
LexToken(INT_CONST,'0',11,142)
LexToken(SEMI,';',11,143)
LexToken(RBRACE,'}',12,145)
