LexToken(INT,'int',1,0)
LexToken(ID,'add',1,4)
LexToken(LPAREN,'(',1,7)
LexToken(INT,'int',1,8)
LexToken(ID,'x',1,12)
LexToken(COMMA,',',1,13)
LexToken(INT,'int',1,15)
LexToken(ID,'y',1,19)
LexToken(RPAREN,')',1,20)
LexToken(LBRACE,'{',1,22)
LexToken(RETURN,'return',2,28)
LexToken(ID,'x',2,35)
LexToken(PLUS,'+',2,37)
LexToken(ID,'y',2,39)
LexToken(SEMI,';',2,40)
LexToken(RBRACE,'}',3,42)
LexToken(INT,'int',5,45)
LexToken(ID,'subtract',5,49)
LexToken(LPAREN,'(',5,57)
LexToken(INT,'int',5,58)
LexToken(ID,'x',5,62)
LexToken(COMMA,',',5,63)
LexToken(INT,'int',5,65)
LexToken(ID,'y',5,69)
LexToken(RPAREN,')',5,70)
LexToken(LBRACE,'{',5,72)
LexToken(RETURN,'return',6,78)
LexToken(ID,'x',6,85)
LexToken(MINUS,'-',6,87)
LexToken(ID,'y',6,89)
LexToken(SEMI,';',6,90)
LexToken(RBRACE,'}',7,92)
LexToken(INT,'int',9,95)
LexToken(ID,'main',9,99)
LexToken(LPAREN,'(',9,103)
LexToken(RPAREN,')',9,104)
LexToken(LBRACE,'{',9,106)
LexToken(INT,'int',10,111)
LexToken(ID,'foo',10,116)
LexToken(EQUALS,'=',10,120)
LexToken(INT_CONST,'1',10,122)
LexToken(COMMA,',',10,123)
LexToken(ID,'bar',10,125)
LexToken(EQUALS,'=',10,129)
LexToken(INT_CONST,'1',10,131)
LexToken(SEMI,';',10,132)
LexToken(PRINT,'print',11,137)
LexToken(LPAREN,'(',11,142)
LexToken(ID,'foo',11,143)
LexToken(COMMA,',',11,146)
LexToken(STRING_LITERAL,' + ',11,148)
LexToken(COMMA,',',11,153)
LexToken(ID,'bar',11,155)
LexToken(COMMA,',',11,158)
LexToken(STRING_LITERAL,' = ',11,160)
LexToken(COMMA,',',11,165)
LexToken(ID,'add',11,167)
LexToken(LPAREN,'(',11,170)
LexToken(ID,'foo',11,171)
LexToken(COMMA,',',11,174)
LexToken(ID,'bar',11,176)
LexToken(RPAREN,')',11,179)
LexToken(COMMA,',',11,180)
LexToken(STRING_LITERAL,'\\n',11,182)
LexToken(RPAREN,')',11,186)
LexToken(SEMI,';',11,187)
LexToken(PRINT,'print',12,192)
LexToken(LPAREN,'(',12,197)
LexToken(ID,'foo',12,198)
LexToken(COMMA,',',12,201)
LexToken(STRING_LITERAL,' - ',12,203)
LexToken(COMMA,',',12,208)
LexToken(ID,'bar',12,210)
LexToken(COMMA,',',12,213)
LexToken(STRING_LITERAL,' = ',12,215)
LexToken(COMMA,',',12,220)
LexToken(ID,'subtract',12,222)
LexToken(LPAREN,'(',12,230)
LexToken(ID,'foo',12,231)
LexToken(COMMA,',',12,234)
LexToken(ID,'bar',12,236)
LexToken(RPAREN,')',12,239)
LexToken(COMMA,',',12,240)
LexToken(STRING_LITERAL,'\\n',12,242)
LexToken(RPAREN,')',12,246)
LexToken(SEMI,';',12,247)
LexToken(RETURN,'return',13,252)
LexToken(INT_CONST,'0',13,259)
LexToken(SEMI,';',13,260)
LexToken(RBRACE,'}',14,262)
