LexToken(INT,'int',1,0)
LexToken(ID,'f',1,4)
LexToken(LPAREN,'(',1,5)
LexToken(INT,'int',1,6)
LexToken(ID,'m',1,10)
LexToken(COMMA,',',1,11)
LexToken(INT,'int',1,13)
LexToken(ID,'n',1,17)
LexToken(RPAREN,')',1,18)
LexToken(LBRACE,'{',1,20)
LexToken(IF,'if',2,26)
LexToken(LPAREN,'(',2,29)
LexToken(NOT,'!',2,30)
LexToken(ID,'n',2,32)
LexToken(GE,'>=',2,34)
LexToken(INT_CONST,'2',2,37)
LexToken(RPAREN,')',2,38)
LexToken(LBRACE,'{',2,40)
LexToken(ID,'n',3,50)
LexToken(EQUALS,'=',3,52)
LexToken(ID,'n',3,54)
LexToken(MINUS,'-',3,56)
LexToken(INT_CONST,'2',3,58)
LexToken(SEMI,';',3,59)
LexToken(RETURN,'return',4,69)
LexToken(ID,'n',4,76)
LexToken(SEMI,';',4,77)
LexToken(RBRACE,'}',5,83)
LexToken(ELSE,'else',6,89)
LexToken(LBRACE,'{',6,94)
LexToken(ID,'m',7,104)
LexToken(EQUALS,'=',7,106)
LexToken(ID,'m',7,108)
LexToken(MINUS,'-',7,110)
LexToken(INT_CONST,'1',7,112)
LexToken(SEMI,';',7,113)
LexToken(RETURN,'return',8,123)
LexToken(ID,'m',8,130)
LexToken(SEMI,';',8,131)
LexToken(RBRACE,'}',9,137)
LexToken(RBRACE,'}',10,139)
LexToken(INT,'int',12,142)
LexToken(ID,'main',12,146)
LexToken(LPAREN,'(',12,150)
LexToken(RPAREN,')',12,151)
LexToken(LBRACE,'{',12,153)
LexToken(INT,'int',13,159)
LexToken(ID,'m',13,163)
LexToken(EQUALS,'=',13,165)
LexToken(MINUS,'-',13,167)
LexToken(INT_CONST,'9',13,168)
LexToken(SEMI,';',13,169)
LexToken(INT,'int',14,175)
LexToken(ID,'n',14,179)
LexToken(EQUALS,'=',14,181)
LexToken(MINUS,'-',14,183)
LexToken(INT_CONST,'4',14,184)
LexToken(SEMI,';',14,185)
LexToken(PRINT,'print',15,191)
LexToken(LPAREN,'(',15,196)
LexToken(ID,'f',15,197)
LexToken(LPAREN,'(',15,198)
LexToken(ID,'m',15,199)
LexToken(COMMA,',',15,200)
LexToken(ID,'n',15,202)
LexToken(RPAREN,')',15,203)
LexToken(RPAREN,')',15,204)
LexToken(SEMI,';',15,205)
LexToken(RETURN,'return',16,211)
LexToken(INT_CONST,'0',16,218)
LexToken(SEMI,';',16,219)
LexToken(RBRACE,'}',17,221)
