LexToken(INT,'int',1,0)
LexToken(ID,'main',1,4)
LexToken(LPAREN,'(',1,8)
LexToken(RPAREN,')',1,9)
LexToken(LBRACE,'{',1,11)
LexToken(INT,'int',2,17)
LexToken(ID,'i',2,21)
LexToken(COMMA,',',2,22)
LexToken(ID,'n',2,24)
LexToken(COMMA,',',2,25)
LexToken(ID,'t1',2,27)
LexToken(EQUALS,'=',2,30)
LexToken(INT_CONST,'0',2,32)
LexToken(COMMA,',',2,33)
LexToken(ID,'t2',2,35)
LexToken(EQUALS,'=',2,38)
LexToken(INT_CONST,'1',2,40)
LexToken(COMMA,',',2,41)
LexToken(ID,'nextTerm',2,43)
LexToken(SEMI,';',2,51)
LexToken(PRINT,'print',3,57)
LexToken(LPAREN,'(',3,62)
LexToken(STRING_LITERAL,'Enter the number of terms: ',3,63)
LexToken(RPAREN,')',3,92)
LexToken(SEMI,';',3,93)
LexToken(READ,'read',4,99)
LexToken(LPAREN,'(',4,103)
LexToken(ID,'n',4,104)
LexToken(RPAREN,')',4,105)
LexToken(SEMI,';',4,106)
LexToken(PRINT,'print',5,112)
LexToken(LPAREN,'(',5,117)
LexToken(STRING_LITERAL,'Fibonacci Series: ',5,118)
LexToken(RPAREN,')',5,138)
LexToken(SEMI,';',5,139)
LexToken(FOR,'for',7,146)
LexToken(LPAREN,'(',7,150)
LexToken(ID,'i',7,151)
LexToken(EQUALS,'=',7,153)
LexToken(INT_CONST,'1',7,155)
LexToken(SEMI,';',7,156)
LexToken(ID,'i',7,158)
LexToken(LE,'<=',7,160)
LexToken(ID,'n',7,163)
LexToken(SEMI,';',7,164)
LexToken(ID,'i',7,166)
LexToken(EQUALS,'=',7,168)
LexToken(ID,'i',7,170)
LexToken(PLUS,'+',7,171)
LexToken(INT_CONST,'1',7,172)
LexToken(RPAREN,')',7,173)
LexToken(LBRACE,'{',7,175)
LexToken(PRINT,'print',8,185)
LexToken(LPAREN,'(',8,190)
LexToken(ID,'t1',8,191)
LexToken(COMMA,',',8,193)
LexToken(STRING_LITERAL,' ',8,195)
LexToken(RPAREN,')',8,198)
LexToken(SEMI,';',8,199)
LexToken(ID,'nextTerm',9,209)
LexToken(EQUALS,'=',9,218)
LexToken(ID,'t1',9,220)
LexToken(PLUS,'+',9,223)
LexToken(ID,'t2',9,225)
LexToken(SEMI,';',9,227)
LexToken(ID,'t1',10,237)
LexToken(EQUALS,'=',10,240)
LexToken(ID,'t2',10,242)
LexToken(SEMI,';',10,244)
LexToken(ID,'t2',11,254)
LexToken(EQUALS,'=',11,257)
LexToken(ID,'nextTerm',11,259)
LexToken(SEMI,';',11,267)
LexToken(RBRACE,'}',12,273)
LexToken(RETURN,'return',14,280)
LexToken(INT_CONST,'0',14,287)
LexToken(SEMI,';',14,288)
LexToken(RBRACE,'}',15,290)
