LexToken(INT,'int',1,0)
LexToken(ID,'v',1,4)
LexToken(LBRACKET,'[',1,5)
LexToken(RBRACKET,']',1,6)
LexToken(EQUALS,'=',1,8)
LexToken(LBRACE,'{',1,10)
LexToken(INT_CONST,'1',1,11)
LexToken(COMMA,',',1,12)
LexToken(INT_CONST,'2',1,14)
LexToken(COMMA,',',1,15)
LexToken(INT_CONST,'3',1,17)
LexToken(COMMA,',',1,18)
LexToken(INT_CONST,'4',1,20)
LexToken(RBRACE,'}',1,21)
LexToken(SEMI,';',1,22)
LexToken(INT,'int',2,24)
LexToken(ID,'main',2,28)
LexToken(LPAREN,'(',2,32)
LexToken(RPAREN,')',2,33)
LexToken(LBRACE,'{',2,34)
LexToken(FOR,'for',3,40)
LexToken(LPAREN,'(',3,44)
LexToken(INT,'int',3,45)
LexToken(ID,'i',3,49)
LexToken(EQUALS,'=',3,51)
LexToken(INT_CONST,'1',3,53)
LexToken(SEMI,';',3,54)
LexToken(ID,'i',3,56)
LexToken(LE,'<=',3,58)
LexToken(INT_CONST,'4',3,61)
LexToken(SEMI,';',3,62)
LexToken(ID,'i',3,64)
LexToken(EQUALS,'=',3,66)
LexToken(ID,'i',3,68)
LexToken(PLUS,'+',3,69)
LexToken(INT_CONST,'1',3,70)
LexToken(RPAREN,')',3,71)
LexToken(PRINT,'print',4,81)
LexToken(LPAREN,'(',4,86)
LexToken(ID,'v',4,87)
LexToken(LBRACKET,'[',4,88)
LexToken(ID,'i',4,89)
LexToken(RBRACKET,']',4,90)
LexToken(RPAREN,')',4,91)
LexToken(SEMI,';',4,92)
LexToken(RETURN,'return',5,98)
LexToken(SEMI,';',5,104)
LexToken(RBRACE,'}',6,106)
