LexToken(INT,'int',2,52)
LexToken(ID,'main',2,56)
LexToken(LPAREN,'(',2,60)
LexToken(RPAREN,')',2,61)
LexToken(LBRACE,'{',2,63)
LexToken(INT,'int',3,69)
LexToken(ID,'n',3,73)
LexToken(COMMA,',',3,74)
LexToken(ID,'i',3,76)
LexToken(SEMI,';',3,77)
LexToken(INT,'int',4,83)
LexToken(ID,'num',4,87)
LexToken(LBRACKET,'[',4,90)
LexToken(INT_CONST,'100',4,91)
LexToken(RBRACKET,']',4,94)
LexToken(COMMA,',',4,95)
LexToken(ID,'sum',4,97)
LexToken(EQUALS,'=',4,101)
LexToken(INT_CONST,'0',4,103)
LexToken(COMMA,',',4,104)
LexToken(ID,'avg',4,106)
LexToken(SEMI,';',4,109)
LexToken(PRINT,'print',6,116)
LexToken(LPAREN,'(',6,121)
LexToken(STRING_LITERAL,'Enter the numbers of elements: ',6,122)
LexToken(RPAREN,')',6,155)
LexToken(SEMI,';',6,156)
LexToken(READ,'read',7,162)
LexToken(LPAREN,'(',7,166)
LexToken(ID,'n',7,167)
LexToken(RPAREN,')',7,168)
LexToken(SEMI,';',7,169)
LexToken(WHILE,'while',9,176)
LexToken(LPAREN,'(',9,182)
LexToken(ID,'n',9,183)
LexToken(GT,'>',9,185)
LexToken(INT_CONST,'100',9,187)
LexToken(OR,'||',9,191)
LexToken(ID,'n',9,194)
LexToken(LT,'<',9,196)
LexToken(INT_CONST,'1',9,198)
LexToken(RPAREN,')',9,199)
LexToken(LBRACE,'{',9,201)
LexToken(PRINT,'print',10,211)
LexToken(LPAREN,'(',10,216)
LexToken(STRING_LITERAL,'Error! number should in range of (1 to 100).\\n',10,217)
LexToken(RPAREN,')',10,265)
LexToken(SEMI,';',10,266)
LexToken(PRINT,'print',11,276)
LexToken(LPAREN,'(',11,281)
LexToken(STRING_LITERAL,'Enter the number again: ',11,282)
LexToken(RPAREN,')',11,308)
LexToken(SEMI,';',11,309)
LexToken(READ,'read',12,319)
LexToken(LPAREN,'(',12,323)
LexToken(ID,'n',12,324)
LexToken(RPAREN,')',12,325)
LexToken(SEMI,';',12,326)
LexToken(RBRACE,'}',13,332)
LexToken(FOR,'for',15,339)
LexToken(LPAREN,'(',15,343)
LexToken(ID,'i',15,344)
LexToken(EQUALS,'=',15,346)
LexToken(INT_CONST,'0',15,348)
LexToken(SEMI,';',15,349)
LexToken(ID,'i',15,351)
LexToken(LT,'<',15,353)
LexToken(ID,'n',15,355)
LexToken(SEMI,';',15,356)
LexToken(ID,'i',15,358)
LexToken(EQUALS,'=',15,360)
LexToken(ID,'i',15,362)
LexToken(PLUS,'+',15,363)
LexToken(INT_CONST,'1',15,364)
LexToken(RPAREN,')',15,365)
LexToken(LBRACE,'{',15,367)
LexToken(PRINT,'print',16,377)
LexToken(LPAREN,'(',16,382)
LexToken(ID,'i',16,383)
LexToken(PLUS,'+',16,385)
LexToken(INT_CONST,'1',16,387)
LexToken(COMMA,',',16,388)
LexToken(STRING_LITERAL,'Enter number: ',16,390)
LexToken(RPAREN,')',16,406)
LexToken(SEMI,';',16,407)
LexToken(READ,'read',17,417)
LexToken(LPAREN,'(',17,421)
LexToken(ID,'num',17,422)
LexToken(LBRACKET,'[',17,425)
LexToken(ID,'i',17,426)
LexToken(RBRACKET,']',17,427)
LexToken(RPAREN,')',17,428)
LexToken(SEMI,';',17,429)
LexToken(ID,'sum',18,439)
LexToken(EQUALS,'=',18,443)
LexToken(ID,'sum',18,445)
LexToken(PLUS,'+',18,449)
LexToken(ID,'num',18,451)
LexToken(LBRACKET,'[',18,454)
LexToken(ID,'i',18,455)
LexToken(RBRACKET,']',18,456)
LexToken(SEMI,';',18,457)
LexToken(RBRACE,'}',19,463)
LexToken(ID,'avg',21,470)
LexToken(EQUALS,'=',21,474)
LexToken(ID,'sum',21,476)
LexToken(DIVIDE,'/',21,480)
LexToken(ID,'n',21,482)
LexToken(SEMI,';',21,483)
LexToken(PRINT,'print',22,489)
LexToken(LPAREN,'(',22,494)
LexToken(STRING_LITERAL,'Average = ',22,495)
LexToken(COMMA,',',22,507)
LexToken(ID,'avg',22,509)
LexToken(RPAREN,')',22,512)
LexToken(SEMI,';',22,513)
LexToken(RETURN,'return',23,519)
LexToken(INT_CONST,'0',23,526)
LexToken(SEMI,';',23,527)
LexToken(RBRACE,'}',24,529)
