LexToken(INT,'int',8,210)
LexToken(ID,'power',8,214)
LexToken(LPAREN,'(',8,219)
LexToken(INT,'int',8,220)
LexToken(ID,'n',8,224)
LexToken(COMMA,',',8,225)
LexToken(INT,'int',8,227)
LexToken(ID,'r',8,231)
LexToken(RPAREN,')',8,232)
LexToken(LBRACE,'{',8,234)
LexToken(INT,'int',9,238)
LexToken(ID,'p',9,242)
LexToken(EQUALS,'=',9,244)
LexToken(INT_CONST,'1',9,246)
LexToken(SEMI,';',9,247)
LexToken(FOR,'for',10,251)
LexToken(LPAREN,'(',10,255)
LexToken(INT,'int',10,256)
LexToken(ID,'c',10,260)
LexToken(EQUALS,'=',10,262)
LexToken(INT_CONST,'1',10,264)
LexToken(SEMI,';',10,265)
LexToken(ID,'c',10,267)
LexToken(LE,'<=',10,269)
LexToken(ID,'r',10,272)
LexToken(SEMI,';',10,273)
LexToken(ID,'c',10,275)
LexToken(EQUALS,'=',10,277)
LexToken(ID,'c',10,279)
LexToken(PLUS,'+',10,280)
LexToken(INT_CONST,'1',10,281)
LexToken(RPAREN,')',10,282)
LexToken(ID,'p',11,290)
LexToken(EQUALS,'=',11,292)
LexToken(ID,'p',11,294)
LexToken(TIMES,'*',11,295)
LexToken(ID,'n',11,296)
LexToken(SEMI,';',11,297)
LexToken(RETURN,'return',12,301)
LexToken(ID,'p',12,308)
LexToken(SEMI,';',12,309)
LexToken(RBRACE,'}',13,311)
LexToken(INT,'int',15,314)
LexToken(ID,'main',15,318)
LexToken(LPAREN,'(',15,323)
LexToken(RPAREN,')',15,324)
LexToken(LBRACE,'{',15,326)
LexToken(INT,'int',16,332)
LexToken(ID,'n',16,336)
LexToken(COMMA,',',16,337)
LexToken(ID,'sum',16,339)
LexToken(EQUALS,'=',16,343)
LexToken(INT_CONST,'0',16,345)
LexToken(SEMI,';',16,346)
LexToken(INT,'int',17,352)
LexToken(ID,'temp',17,356)
LexToken(COMMA,',',17,360)
LexToken(ID,'remainder',17,362)
LexToken(COMMA,',',17,371)
LexToken(ID,'digits',17,373)
LexToken(EQUALS,'=',17,380)
LexToken(INT_CONST,'0',17,382)
LexToken(SEMI,';',17,383)
LexToken(PRINT,'print',19,390)
LexToken(LPAREN,'(',19,395)
LexToken(STRING_LITERAL,'Input an integer: ',19,396)
LexToken(RPAREN,')',19,416)
LexToken(SEMI,';',19,417)
LexToken(READ,'read',20,423)
LexToken(LPAREN,'(',20,427)
LexToken(ID,'n',20,428)
LexToken(RPAREN,')',20,429)
LexToken(SEMI,';',20,430)
LexToken(ID,'temp',21,436)
LexToken(EQUALS,'=',21,441)
LexToken(ID,'n',21,443)
LexToken(SEMI,';',21,444)
LexToken(WHILE,'while',22,450)
LexToken(LPAREN,'(',22,456)
LexToken(ID,'temp',22,457)
LexToken(NE,'!=',22,462)
LexToken(INT_CONST,'0',22,465)
LexToken(RPAREN,')',22,466)
LexToken(LBRACE,'{',22,468)
LexToken(ID,'digits',23,478)
LexToken(EQUALS,'=',23,485)
LexToken(ID,'digits',23,487)
LexToken(PLUS,'+',23,494)
LexToken(INT_CONST,'1',23,496)
LexToken(SEMI,';',23,497)
LexToken(ID,'temp',24,507)
LexToken(EQUALS,'=',24,512)
LexToken(ID,'temp',24,514)
LexToken(DIVIDE,'/',24,519)
LexToken(INT_CONST,'10',24,521)
LexToken(SEMI,';',24,523)
LexToken(RBRACE,'}',25,529)
LexToken(ID,'temp',26,535)
LexToken(EQUALS,'=',26,540)
LexToken(ID,'n',26,542)
LexToken(SEMI,';',26,543)
LexToken(WHILE,'while',27,549)
LexToken(LPAREN,'(',27,555)
LexToken(ID,'temp',27,556)
LexToken(NE,'!=',27,561)
LexToken(INT_CONST,'0',27,564)
LexToken(RPAREN,')',27,565)
LexToken(LBRACE,'{',27,567)
LexToken(ID,'remainder',28,577)
LexToken(EQUALS,'=',28,587)
LexToken(ID,'temp',28,589)
LexToken(MOD,'%',28,594)
LexToken(INT_CONST,'10',28,596)
LexToken(SEMI,';',28,598)
LexToken(ID,'sum',29,608)
LexToken(EQUALS,'=',29,612)
LexToken(ID,'sum',29,614)
LexToken(PLUS,'+',29,618)
LexToken(ID,'power',29,620)
LexToken(LPAREN,'(',29,625)
LexToken(ID,'remainder',29,626)
LexToken(COMMA,',',29,635)
LexToken(ID,'digits',29,637)
LexToken(RPAREN,')',29,643)
LexToken(SEMI,';',29,644)
LexToken(ID,'temp',30,654)
LexToken(EQUALS,'=',30,659)
LexToken(ID,'temp',30,661)
LexToken(DIVIDE,'/',30,666)
LexToken(INT_CONST,'10',30,668)
LexToken(SEMI,';',30,670)
LexToken(RBRACE,'}',31,676)
LexToken(IF,'if',32,682)
LexToken(LPAREN,'(',32,685)
LexToken(ID,'n',32,686)
LexToken(EQ,'==',32,688)
LexToken(ID,'sum',32,691)
LexToken(RPAREN,')',32,694)
LexToken(PRINT,'print',33,704)
LexToken(LPAREN,'(',33,709)
LexToken(ID,'n',33,710)
LexToken(COMMA,',',33,711)
LexToken(STRING_LITERAL,' is an Armstrong number.\\n',33,713)
LexToken(RPAREN,')',33,741)
LexToken(SEMI,';',33,742)
LexToken(ELSE,'else',34,748)
LexToken(PRINT,'print',35,761)
LexToken(LPAREN,'(',35,766)
LexToken(ID,'n',35,767)
LexToken(COMMA,',',35,768)
LexToken(STRING_LITERAL,' is not an Armstrong number.\\n',35,770)
LexToken(RPAREN,')',35,802)
LexToken(SEMI,';',35,803)
LexToken(RETURN,'return',36,809)
LexToken(INT_CONST,'0',36,816)
LexToken(SEMI,';',36,817)
LexToken(RBRACE,'}',37,819)
