LexToken(INT,'int',2,34)
LexToken(ID,'main',2,38)
LexToken(LPAREN,'(',2,42)
LexToken(RPAREN,')',2,43)
LexToken(LBRACE,'{',2,45)
LexToken(INT,'int',3,51)
LexToken(ID,'a',3,55)
LexToken(LBRACKET,'[',3,56)
LexToken(INT_CONST,'10',3,57)
LexToken(RBRACKET,']',3,59)
LexToken(LBRACKET,'[',3,60)
LexToken(INT_CONST,'10',3,61)
LexToken(RBRACKET,']',3,63)
LexToken(COMMA,',',3,64)
LexToken(ID,'transpose',3,66)
LexToken(LBRACKET,'[',3,75)
LexToken(INT_CONST,'10',3,76)
LexToken(RBRACKET,']',3,78)
LexToken(LBRACKET,'[',3,79)
LexToken(INT_CONST,'10',3,80)
LexToken(RBRACKET,']',3,82)
LexToken(COMMA,',',3,83)
LexToken(ID,'r',3,85)
LexToken(COMMA,',',3,86)
LexToken(ID,'c',3,88)
LexToken(COMMA,',',3,89)
LexToken(ID,'i',3,91)
LexToken(COMMA,',',3,92)
LexToken(ID,'j',3,94)
LexToken(SEMI,';',3,95)
LexToken(PRINT,'print',4,101)
LexToken(LPAREN,'(',4,106)
LexToken(STRING_LITERAL,'Enter rows and columns: ',4,107)
LexToken(RPAREN,')',4,133)
LexToken(SEMI,';',4,134)
LexToken(READ,'read',5,140)
LexToken(LPAREN,'(',5,144)
LexToken(ID,'r',5,145)
LexToken(COMMA,',',5,146)
LexToken(ID,'c',5,148)
LexToken(RPAREN,')',5,149)
LexToken(SEMI,';',5,150)
LexToken(PRINT,'print',8,197)
LexToken(LPAREN,'(',8,202)
LexToken(STRING_LITERAL,'\\nEnter matrix elements:\\n',8,203)
LexToken(RPAREN,')',8,231)
LexToken(SEMI,';',8,232)
LexToken(FOR,'for',9,238)
LexToken(LPAREN,'(',9,242)
LexToken(ID,'i',9,243)
LexToken(EQUALS,'=',9,245)
LexToken(INT_CONST,'0',9,247)
LexToken(SEMI,';',9,248)
LexToken(ID,'i',9,250)
LexToken(LT,'<',9,252)
LexToken(ID,'r',9,254)
LexToken(SEMI,';',9,255)
LexToken(ID,'i',9,257)
LexToken(EQUALS,'=',9,259)
LexToken(ID,'i',9,261)
LexToken(PLUS,'+',9,262)
LexToken(INT_CONST,'1',9,263)
LexToken(RPAREN,')',9,264)
LexToken(FOR,'for',10,274)
LexToken(LPAREN,'(',10,278)
LexToken(ID,'j',10,279)
LexToken(EQUALS,'=',10,281)
LexToken(INT_CONST,'0',10,283)
LexToken(SEMI,';',10,284)
LexToken(ID,'j',10,286)
LexToken(LT,'<',10,288)
LexToken(ID,'c',10,290)
LexToken(SEMI,';',10,291)
LexToken(ID,'j',10,293)
LexToken(EQUALS,'=',10,295)
LexToken(ID,'j',10,297)
LexToken(PLUS,'+',10,298)
LexToken(INT_CONST,'1',10,299)
LexToken(RPAREN,')',10,300)
LexToken(LBRACE,'{',10,302)
LexToken(PRINT,'print',11,316)
LexToken(LPAREN,'(',11,321)
LexToken(STRING_LITERAL,'Enter element [',11,322)
LexToken(COMMA,',',11,339)
LexToken(ID,'i',11,341)
LexToken(PLUS,'+',11,343)
LexToken(INT_CONST,'1',11,345)
LexToken(COMMA,',',11,346)
LexToken(ID,'j',11,348)
LexToken(PLUS,'+',11,350)
LexToken(INT_CONST,'1',11,352)
LexToken(COMMA,',',11,353)
LexToken(STRING_LITERAL,']: ',11,355)
LexToken(RPAREN,')',11,360)
LexToken(SEMI,';',11,361)
LexToken(READ,'read',12,375)
LexToken(LPAREN,'(',12,379)
LexToken(ID,'a',12,380)
LexToken(LBRACKET,'[',12,381)
LexToken(ID,'i',12,382)
LexToken(RBRACKET,']',12,383)
LexToken(LBRACKET,'[',12,384)
LexToken(ID,'j',12,385)
LexToken(RBRACKET,']',12,386)
LexToken(RPAREN,')',12,387)
LexToken(SEMI,';',12,388)
LexToken(RBRACE,'}',13,398)
LexToken(PRINT,'print',16,440)
LexToken(LPAREN,'(',16,445)
LexToken(STRING_LITERAL,'\\nEntered matrix: \\n',16,446)
LexToken(RPAREN,')',16,468)
LexToken(SEMI,';',16,469)
LexToken(FOR,'for',17,475)
LexToken(LPAREN,'(',17,479)
LexToken(ID,'i',17,480)
LexToken(EQUALS,'=',17,482)
LexToken(INT_CONST,'0',17,484)
LexToken(SEMI,';',17,485)
LexToken(ID,'i',17,487)
LexToken(LT,'<',17,489)
LexToken(ID,'r',17,491)
LexToken(SEMI,';',17,492)
LexToken(ID,'i',17,494)
LexToken(EQUALS,'=',17,496)
LexToken(ID,'i',17,498)
LexToken(PLUS,'+',17,499)
LexToken(INT_CONST,'1',17,500)
LexToken(RPAREN,')',17,501)
LexToken(FOR,'for',18,511)
LexToken(LPAREN,'(',18,515)
LexToken(ID,'j',18,516)
LexToken(EQUALS,'=',18,518)
LexToken(INT_CONST,'0',18,520)
LexToken(SEMI,';',18,521)
LexToken(ID,'j',18,523)
LexToken(LT,'<',18,525)
LexToken(ID,'c',18,527)
LexToken(SEMI,';',18,528)
LexToken(ID,'j',18,530)
LexToken(EQUALS,'=',18,532)
LexToken(ID,'j',18,534)
LexToken(PLUS,'+',18,535)
LexToken(INT_CONST,'1',18,536)
LexToken(RPAREN,')',18,537)
LexToken(LBRACE,'{',18,539)
LexToken(PRINT,'print',19,553)
LexToken(LPAREN,'(',19,558)
LexToken(ID,'a',19,559)
LexToken(LBRACKET,'[',19,560)
LexToken(ID,'i',19,561)
LexToken(RBRACKET,']',19,562)
LexToken(LBRACKET,'[',19,563)
LexToken(ID,'j',19,564)
LexToken(RBRACKET,']',19,565)
LexToken(RPAREN,')',19,566)
LexToken(SEMI,';',19,567)
LexToken(IF,'if',20,581)
LexToken(LPAREN,'(',20,584)
LexToken(ID,'j',20,585)
LexToken(EQ,'==',20,587)
LexToken(ID,'c',20,590)
LexToken(MINUS,'-',20,592)
LexToken(INT_CONST,'1',20,594)
LexToken(RPAREN,')',20,595)
LexToken(PRINT,'print',21,613)
LexToken(LPAREN,'(',21,618)
LexToken(RPAREN,')',21,619)
LexToken(SEMI,';',21,620)
LexToken(RBRACE,'}',22,630)
LexToken(FOR,'for',25,678)
LexToken(LPAREN,'(',25,682)
LexToken(ID,'i',25,683)
LexToken(EQUALS,'=',25,685)
LexToken(INT_CONST,'0',25,687)
LexToken(SEMI,';',25,688)
LexToken(ID,'i',25,690)
LexToken(LT,'<',25,692)
LexToken(ID,'r',25,694)
LexToken(SEMI,';',25,695)
LexToken(ID,'i',25,697)
LexToken(EQUALS,'=',25,699)
LexToken(ID,'i',25,701)
LexToken(PLUS,'+',25,702)
LexToken(INT_CONST,'1',25,703)
LexToken(RPAREN,')',25,704)
LexToken(FOR,'for',26,714)
LexToken(LPAREN,'(',26,718)
LexToken(ID,'j',26,719)
LexToken(EQUALS,'=',26,721)
LexToken(INT_CONST,'0',26,723)
LexToken(SEMI,';',26,724)
LexToken(ID,'j',26,726)
LexToken(LT,'<',26,728)
LexToken(ID,'c',26,730)
LexToken(SEMI,';',26,731)
LexToken(ID,'j',26,733)
LexToken(EQUALS,'=',26,735)
LexToken(ID,'j',26,737)
LexToken(PLUS,'+',26,738)
LexToken(INT_CONST,'1',26,739)
LexToken(RPAREN,')',26,740)
LexToken(LBRACE,'{',26,742)
LexToken(ID,'transpose',27,756)
LexToken(LBRACKET,'[',27,765)
LexToken(ID,'j',27,766)
LexToken(RBRACKET,']',27,767)
LexToken(LBRACKET,'[',27,768)
LexToken(ID,'i',27,769)
LexToken(RBRACKET,']',27,770)
LexToken(EQUALS,'=',27,772)
LexToken(ID,'a',27,774)
LexToken(LBRACKET,'[',27,775)
LexToken(ID,'i',27,776)
LexToken(RBRACKET,']',27,777)
LexToken(LBRACKET,'[',27,778)
LexToken(ID,'j',27,779)
LexToken(RBRACKET,']',27,780)
LexToken(SEMI,';',27,781)
LexToken(RBRACE,'}',28,791)
LexToken(PRINT,'print',31,842)
LexToken(LPAREN,'(',31,847)
LexToken(STRING_LITERAL,'\\nTranspose of the matrix:\\n',31,848)
LexToken(RPAREN,')',31,878)
LexToken(SEMI,';',31,879)
LexToken(FOR,'for',32,885)
LexToken(LPAREN,'(',32,889)
LexToken(ID,'i',32,890)
LexToken(EQUALS,'=',32,892)
LexToken(INT_CONST,'0',32,894)
LexToken(SEMI,';',32,895)
LexToken(ID,'i',32,897)
LexToken(LT,'<',32,899)
LexToken(ID,'c',32,901)
LexToken(SEMI,';',32,902)
LexToken(ID,'i',32,904)
LexToken(EQUALS,'=',32,906)
LexToken(ID,'i',32,908)
LexToken(PLUS,'+',32,909)
LexToken(INT_CONST,'1',32,910)
LexToken(RPAREN,')',32,911)
LexToken(FOR,'for',33,921)
LexToken(LPAREN,'(',33,925)
LexToken(ID,'j',33,926)
LexToken(EQUALS,'=',33,928)
LexToken(INT_CONST,'0',33,930)
LexToken(SEMI,';',33,931)
LexToken(ID,'j',33,933)
LexToken(LT,'<',33,935)
LexToken(ID,'r',33,937)
LexToken(SEMI,';',33,938)
LexToken(ID,'j',33,940)
LexToken(EQUALS,'=',33,942)
LexToken(ID,'j',33,944)
LexToken(PLUS,'+',33,945)
LexToken(INT_CONST,'1',33,946)
LexToken(RPAREN,')',33,947)
LexToken(LBRACE,'{',33,949)
LexToken(PRINT,'print',34,963)
LexToken(LPAREN,'(',34,968)
LexToken(ID,'transpose',34,969)
LexToken(LBRACKET,'[',34,978)
LexToken(ID,'i',34,979)
LexToken(RBRACKET,']',34,980)
LexToken(LBRACKET,'[',34,981)
LexToken(ID,'j',34,982)
LexToken(RBRACKET,']',34,983)
LexToken(RPAREN,')',34,984)
LexToken(SEMI,';',34,985)
LexToken(IF,'if',35,999)
LexToken(LPAREN,'(',35,1002)
LexToken(ID,'j',35,1003)
LexToken(EQ,'==',35,1005)
LexToken(ID,'r',35,1008)
LexToken(MINUS,'-',35,1010)
LexToken(INT_CONST,'1',35,1012)
LexToken(RPAREN,')',35,1013)
LexToken(PRINT,'print',36,1031)
LexToken(LPAREN,'(',36,1036)
LexToken(RPAREN,')',36,1037)
LexToken(SEMI,';',36,1038)
LexToken(RBRACE,'}',37,1048)
LexToken(RETURN,'return',38,1054)
LexToken(INT_CONST,'0',38,1061)
LexToken(SEMI,';',38,1062)
LexToken(RBRACE,'}',39,1064)
